// Jest Snapshot v1, https://goo.gl/fbAQLP

exports[`adds headers and token to request 1`] = `
Object {
  "options": Object {
    "headers": Object {
      "Authorization": "Bearer token",
    },
  },
}
`;

exports[`adds token to request headers 1`] = `
Object {
  "options": Object {
    "headers": Object {
      "Authorization": "Bearer token",
    },
  },
}
`;

exports[`does nothing 1`] = `
Object {
  "options": Object {},
}
`;
